$ kra init --root <ROOT> --context ui-e2e
exit: 0
stdout:

Result:
  Initialized: <ROOT>
  Context selected: ui-e2e


$ kra ws list
exit: 0
stdout:
Workspaces(active):

  (none)


$ kra ws create --no-prompt UI-100
exit: 0
stdout:

Result:
  Created 1 / 1
  ✔ UI-100
  path: <ROOT>/workspaces/UI-100


$ kra ws list
exit: 0
stdout:
Workspaces(active):

  • UI-100: (no title)


$ kra ws --act go UI-100
exit: 0

$ kra ws --act close UI-100
exit: 0
stdout:
Result:
  Closed 1 / 1
  ✔ UI-100
    1/3 commit(pre): close-pre: UI-100 <SHA>
    2/3 archive: workspaces/UI-100 -> archive/UI-100
    3/3 commit(post): archive: UI-100 <SHA>


$ kra ws list --archived
exit: 0
stdout:
Workspaces(archived):

  • UI-100: (no title)


