Plan:
  • close 2 workspaces
  • workspace WS1
  • repos:
    ├─ repo-a
    │  risk: dirty
    │  sync: upstream=(none) ahead=0 behind=0
    └─ repo-b
       risk: unpushed
       sync: upstream=(none) ahead=0 behind=0
  • workspace WS2
  • repos:
    └─ repo-c
       risk: clean
       sync: upstream=(none) ahead=0 behind=0

